// Jest Snapshot v1, https://goo.gl/fbAQLP

exports[`Storyshots Atoms/Loading Default 1`] = `
<div
  style={
    Object {
      "alignContent": "flex-start",
      "display": "flex",
      "flexDirection": "column",
      "flexWrap": "wrap",
      "gap": "10px 30px",
      "height": "100%",
      "justifyContent": "flex-start",
      "maxHeight": "auto",
    }
  }
>
  <div
    className="container"
  >
    <div
      className="loading"
    >
      Adventures washed awfully web poured pirate IÃ¡ve extend shared? Glows visit bitter fire-breather 400 triumphant splash responsible Oakenshield's prong invitations mortal? It must be taken deep into Mordor and cast back into the fiery chasm from whence it came.
    </div>
  </div>
</div>
`;
